Analysis & Synthesis report for DE10_LITE_Reaction_Timer
Thu May 02 14:18:25 2019
Quartus Prime Version 18.1.0 Build 625 09/12/2018 SJ Lite Edition


---------------------
; Table of Contents ;
---------------------
  1. Legal Notice
  2. Analysis & Synthesis Summary
  3. Analysis & Synthesis Settings
  4. Parallel Compilation
  5. Analysis & Synthesis Source Files Read
  6. Analysis & Synthesis Resource Usage Summary
  7. Analysis & Synthesis Resource Utilization by Entity
  8. Registers Removed During Synthesis
  9. General Register Statistics
 10. Inverted Register Statistics
 11. Multiplexer Restructuring Statistics (Restructuring Performed)
 12. Port Connectivity Checks: "simple_machine_3:sm2|bcd_decoder:bb"
 13. Port Connectivity Checks: "simple_machine_3:sm2|bcd_decoder:ba"
 14. Port Connectivity Checks: "simple_machine_3:sm2|bcd_decoder:bs"
 15. Port Connectivity Checks: "simple_machine_3:sm2|high_score_state:e|bcd_decoder:comb_45"
 16. Port Connectivity Checks: "simple_machine_3:sm2|high_score_state:e|bcd_decoder:comb_44"
 17. Port Connectivity Checks: "simple_machine_3:sm2|high_score_state:e|bcd_decoder:comb_43"
 18. Port Connectivity Checks: "simple_machine_3:sm2|score_display_state:d|bcd_decoder:comb_5"
 19. Port Connectivity Checks: "simple_machine_3:sm2|score_display_state:d|bcd_decoder:comb_4"
 20. Port Connectivity Checks: "simple_machine_3:sm2|score_display_state:d|bcd_decoder:comb_3"
 21. Port Connectivity Checks: "simple_machine_3:sm2|timing_state:c|bcd_decoder:dc"
 22. Port Connectivity Checks: "simple_machine_3:sm2|timing_state:c|bcd_decoder:db"
 23. Port Connectivity Checks: "simple_machine_3:sm2|timing_state:c|bcd_decoder:da"
 24. Port Connectivity Checks: "simple_machine_3:sm2|timing_state:c|bcd_counter:cc"
 25. Port Connectivity Checks: "simple_machine_3:sm2"
 26. Post-Synthesis Netlist Statistics for Top Partition
 27. Elapsed Time Per Partition
 28. Analysis & Synthesis Messages
 29. Analysis & Synthesis Suppressed Messages



----------------
; Legal Notice ;
----------------
Copyright (C) 2018  Intel Corporation. All rights reserved.
Your use of Intel Corporation's design tools, logic functions 
and other software and tools, and its AMPP partner logic 
functions, and any output files from any of the foregoing 
(including device programming or simulation files), and any 
associated documentation or information are expressly subject 
to the terms and conditions of the Intel Program License 
Subscription Agreement, the Intel Quartus Prime License Agreement,
the Intel FPGA IP License Agreement, or other applicable license
agreement, including, without limitation, that your use is for
the sole purpose of programming logic devices manufactured by
Intel and sold by Intel or its authorized distributors.  Please
refer to the applicable agreement for further details.



+----------------------------------------------------------------------------------+
; Analysis & Synthesis Summary                                                     ;
+------------------------------------+---------------------------------------------+
; Analysis & Synthesis Status        ; Successful - Thu May 02 14:18:25 2019       ;
; Quartus Prime Version              ; 18.1.0 Build 625 09/12/2018 SJ Lite Edition ;
; Revision Name                      ; DE10_LITE_Reaction_Timer                    ;
; Top-level Entity Name              ; DE10_LITE_Reaction_Timer                    ;
; Family                             ; MAX 10                                      ;
; Total logic elements               ; 382                                         ;
;     Total combinational functions  ; 338                                         ;
;     Dedicated logic registers      ; 165                                         ;
; Total registers                    ; 165                                         ;
; Total pins                         ; 73                                          ;
; Total virtual pins                 ; 0                                           ;
; Total memory bits                  ; 0                                           ;
; Embedded Multiplier 9-bit elements ; 0                                           ;
; Total PLLs                         ; 0                                           ;
; UFM blocks                         ; 0                                           ;
; ADC blocks                         ; 0                                           ;
+------------------------------------+---------------------------------------------+


+------------------------------------------------------------------------------------------------------------------------+
; Analysis & Synthesis Settings                                                                                          ;
+------------------------------------------------------------------+--------------------------+--------------------------+
; Option                                                           ; Setting                  ; Default Value            ;
+------------------------------------------------------------------+--------------------------+--------------------------+
; Device                                                           ; 10M50DAF484C7G           ;                          ;
; Top-level entity name                                            ; DE10_LITE_Reaction_Timer ; DE10_LITE_Reaction_Timer ;
; Family name                                                      ; MAX 10 FPGA              ; Cyclone V                ;
; Use smart compilation                                            ; Off                      ; Off                      ;
; Enable parallel Assembler and Timing Analyzer during compilation ; On                       ; On                       ;
; Enable compact report table                                      ; Off                      ; Off                      ;
; Restructure Multiplexers                                         ; Auto                     ; Auto                     ;
; Create Debugging Nodes for IP Cores                              ; Off                      ; Off                      ;
; Preserve fewer node names                                        ; On                       ; On                       ;
; Intel FPGA IP Evaluation Mode                                    ; Enable                   ; Enable                   ;
; Verilog Version                                                  ; Verilog_2001             ; Verilog_2001             ;
; VHDL Version                                                     ; VHDL_1993                ; VHDL_1993                ;
; State Machine Processing                                         ; Auto                     ; Auto                     ;
; Safe State Machine                                               ; Off                      ; Off                      ;
; Extract Verilog State Machines                                   ; On                       ; On                       ;
; Extract VHDL State Machines                                      ; On                       ; On                       ;
; Ignore Verilog initial constructs                                ; Off                      ; Off                      ;
; Iteration limit for constant Verilog loops                       ; 5000                     ; 5000                     ;
; Iteration limit for non-constant Verilog loops                   ; 250                      ; 250                      ;
; Add Pass-Through Logic to Inferred RAMs                          ; On                       ; On                       ;
; Infer RAMs from Raw Logic                                        ; On                       ; On                       ;
; Parallel Synthesis                                               ; On                       ; On                       ;
; DSP Block Balancing                                              ; Auto                     ; Auto                     ;
; NOT Gate Push-Back                                               ; On                       ; On                       ;
; Power-Up Don't Care                                              ; On                       ; On                       ;
; Remove Redundant Logic Cells                                     ; Off                      ; Off                      ;
; Remove Duplicate Registers                                       ; On                       ; On                       ;
; Ignore CARRY Buffers                                             ; Off                      ; Off                      ;
; Ignore CASCADE Buffers                                           ; Off                      ; Off                      ;
; Ignore GLOBAL Buffers                                            ; Off                      ; Off                      ;
; Ignore ROW GLOBAL Buffers                                        ; Off                      ; Off                      ;
; Ignore LCELL Buffers                                             ; Off                      ; Off                      ;
; Ignore SOFT Buffers                                              ; On                       ; On                       ;
; Limit AHDL Integers to 32 Bits                                   ; Off                      ; Off                      ;
; Optimization Technique                                           ; Balanced                 ; Balanced                 ;
; Carry Chain Length                                               ; 70                       ; 70                       ;
; Auto Carry Chains                                                ; On                       ; On                       ;
; Auto Open-Drain Pins                                             ; On                       ; On                       ;
; Perform WYSIWYG Primitive Resynthesis                            ; Off                      ; Off                      ;
; Auto ROM Replacement                                             ; On                       ; On                       ;
; Auto RAM Replacement                                             ; On                       ; On                       ;
; Auto DSP Block Replacement                                       ; On                       ; On                       ;
; Auto Shift Register Replacement                                  ; Auto                     ; Auto                     ;
; Allow Shift Register Merging across Hierarchies                  ; Auto                     ; Auto                     ;
; Auto Clock Enable Replacement                                    ; On                       ; On                       ;
; Strict RAM Replacement                                           ; Off                      ; Off                      ;
; Allow Synchronous Control Signals                                ; On                       ; On                       ;
; Force Use of Synchronous Clear Signals                           ; Off                      ; Off                      ;
; Auto RAM Block Balancing                                         ; On                       ; On                       ;
; Auto RAM to Logic Cell Conversion                                ; Off                      ; Off                      ;
; Auto Resource Sharing                                            ; Off                      ; Off                      ;
; Allow Any RAM Size For Recognition                               ; Off                      ; Off                      ;
; Allow Any ROM Size For Recognition                               ; Off                      ; Off                      ;
; Allow Any Shift Register Size For Recognition                    ; Off                      ; Off                      ;
; Use LogicLock Constraints during Resource Balancing              ; On                       ; On                       ;
; Ignore translate_off and synthesis_off directives                ; Off                      ; Off                      ;
; Timing-Driven Synthesis                                          ; On                       ; On                       ;
; Report Parameter Settings                                        ; On                       ; On                       ;
; Report Source Assignments                                        ; On                       ; On                       ;
; Report Connectivity Checks                                       ; On                       ; On                       ;
; Ignore Maximum Fan-Out Assignments                               ; Off                      ; Off                      ;
; Synchronization Register Chain Length                            ; 2                        ; 2                        ;
; Power Optimization During Synthesis                              ; Normal compilation       ; Normal compilation       ;
; HDL message level                                                ; Level2                   ; Level2                   ;
; Suppress Register Optimization Related Messages                  ; Off                      ; Off                      ;
; Number of Removed Registers Reported in Synthesis Report         ; 5000                     ; 5000                     ;
; Number of Swept Nodes Reported in Synthesis Report               ; 5000                     ; 5000                     ;
; Number of Inverted Registers Reported in Synthesis Report        ; 100                      ; 100                      ;
; Clock MUX Protection                                             ; On                       ; On                       ;
; Auto Gated Clock Conversion                                      ; Off                      ; Off                      ;
; Block Design Naming                                              ; Auto                     ; Auto                     ;
; SDC constraint protection                                        ; Off                      ; Off                      ;
; Synthesis Effort                                                 ; Auto                     ; Auto                     ;
; Shift Register Replacement - Allow Asynchronous Clear Signal     ; On                       ; On                       ;
; Pre-Mapping Resynthesis Optimization                             ; Off                      ; Off                      ;
; Analysis & Synthesis Message Level                               ; Medium                   ; Medium                   ;
; Disable Register Merging Across Hierarchies                      ; Auto                     ; Auto                     ;
; Resource Aware Inference For Block RAM                           ; On                       ; On                       ;
+------------------------------------------------------------------+--------------------------+--------------------------+


+------------------------------------------+
; Parallel Compilation                     ;
+----------------------------+-------------+
; Processors                 ; Number      ;
+----------------------------+-------------+
; Number detected on machine ; 2           ;
; Maximum allowed            ; 2           ;
;                            ;             ;
; Average used               ; 1.00        ;
; Maximum used               ; 2           ;
;                            ;             ;
; Usage by Processor         ; % Time Used ;
;     Processor 1            ; 100.0%      ;
;     Processor 2            ;   0.0%      ;
+----------------------------+-------------+


+--------------------------------------------------------------------------------------------------------------------------------------------------------------------------------------------+
; Analysis & Synthesis Source Files Read                                                                                                                                                     ;
+----------------------------------+-----------------+------------------------------+----------------------------------------------------------------------------------------------+---------+
; File Name with User-Entered Path ; Used in Netlist ; File Type                    ; File Name with Absolute Path                                                                 ; Library ;
+----------------------------------+-----------------+------------------------------+----------------------------------------------------------------------------------------------+---------+
; bcd_decoder.v                    ; yes             ; User Verilog HDL File        ; Z:/Documents/CUBoulder/2019_Spring/ECEN2350-DigitalLogic/Project2/bcd_decoder.v              ;         ;
; bcd_counter.v                    ; yes             ; User Verilog HDL File        ; Z:/Documents/CUBoulder/2019_Spring/ECEN2350-DigitalLogic/Project2/bcd_counter.v              ;         ;
; clock_divider.v                  ; yes             ; User Verilog HDL File        ; Z:/Documents/CUBoulder/2019_Spring/ECEN2350-DigitalLogic/Project2/clock_divider.v            ;         ;
; timing_state.v                   ; yes             ; User Verilog HDL File        ; Z:/Documents/CUBoulder/2019_Spring/ECEN2350-DigitalLogic/Project2/timing_state.v             ;         ;
; simple_machine_3.v               ; yes             ; User Verilog HDL File        ; Z:/Documents/CUBoulder/2019_Spring/ECEN2350-DigitalLogic/Project2/simple_machine_3.v         ;         ;
; default_state.v                  ; yes             ; User Verilog HDL File        ; Z:/Documents/CUBoulder/2019_Spring/ECEN2350-DigitalLogic/Project2/default_state.v            ;         ;
; waiting_state.v                  ; yes             ; User Verilog HDL File        ; Z:/Documents/CUBoulder/2019_Spring/ECEN2350-DigitalLogic/Project2/waiting_state.v            ;         ;
; score_display_state.v            ; yes             ; User Verilog HDL File        ; Z:/Documents/CUBoulder/2019_Spring/ECEN2350-DigitalLogic/Project2/score_display_state.v      ;         ;
; high_score_state.v               ; yes             ; User Verilog HDL File        ; Z:/Documents/CUBoulder/2019_Spring/ECEN2350-DigitalLogic/Project2/high_score_state.v         ;         ;
; lfsr.v                           ; yes             ; User Verilog HDL File        ; Z:/Documents/CUBoulder/2019_Spring/ECEN2350-DigitalLogic/Project2/lfsr.v                     ;         ;
; de10_lite_reaction_timer.v       ; yes             ; Auto-Found Verilog HDL File  ; Z:/Documents/CUBoulder/2019_Spring/ECEN2350-DigitalLogic/Project2/de10_lite_reaction_timer.v ;         ;
+----------------------------------+-----------------+------------------------------+----------------------------------------------------------------------------------------------+---------+


+-----------------------------------------------------------------------------+
; Analysis & Synthesis Resource Usage Summary                                 ;
+---------------------------------------------+-------------------------------+
; Resource                                    ; Usage                         ;
+---------------------------------------------+-------------------------------+
; Estimated Total logic elements              ; 382                           ;
;                                             ;                               ;
; Total combinational functions               ; 338                           ;
; Logic element usage by number of LUT inputs ;                               ;
;     -- 4 input functions                    ; 187                           ;
;     -- 3 input functions                    ; 43                            ;
;     -- <=2 input functions                  ; 108                           ;
;                                             ;                               ;
; Logic elements by mode                      ;                               ;
;     -- normal mode                          ; 252                           ;
;     -- arithmetic mode                      ; 86                            ;
;                                             ;                               ;
; Total registers                             ; 165                           ;
;     -- Dedicated logic registers            ; 165                           ;
;     -- I/O registers                        ; 0                             ;
;                                             ;                               ;
; I/O pins                                    ; 73                            ;
;                                             ;                               ;
; Embedded Multiplier 9-bit elements          ; 0                             ;
;                                             ;                               ;
; Maximum fan-out node                        ; simple_machine_3:sm2|state[2] ;
; Maximum fan-out                             ; 54                            ;
; Total fan-out                               ; 1660                          ;
; Average fan-out                             ; 2.56                          ;
+---------------------------------------------+-------------------------------+


+---------------------------------------------------------------------------------------------------------------------------------------------------------------------------------------------------------------------------------------------------------------------------------------------------------------------------+
; Analysis & Synthesis Resource Utilization by Entity                                                                                                                                                                                                                                                                       ;
+----------------------------------+---------------------+---------------------------+-------------+------------+--------------+---------+-----------+------+--------------+------------+-----------------------------------------------------------------------------------------+--------------------------+--------------+
; Compilation Hierarchy Node       ; Combinational ALUTs ; Dedicated Logic Registers ; Memory Bits ; UFM Blocks ; DSP Elements ; DSP 9x9 ; DSP 18x18 ; Pins ; Virtual Pins ; ADC blocks ; Full Hierarchy Name                                                                     ; Entity Name              ; Library Name ;
+----------------------------------+---------------------+---------------------------+-------------+------------+--------------+---------+-----------+------+--------------+------------+-----------------------------------------------------------------------------------------+--------------------------+--------------+
; |DE10_LITE_Reaction_Timer        ; 338 (1)             ; 165 (0)                   ; 0           ; 0          ; 0            ; 0       ; 0         ; 73   ; 0            ; 0          ; |DE10_LITE_Reaction_Timer                                                               ; DE10_LITE_Reaction_Timer ; work         ;
;    |simple_machine_3:sm2|        ; 337 (82)            ; 165 (8)                   ; 0           ; 0          ; 0            ; 0       ; 0         ; 0    ; 0            ; 0          ; |DE10_LITE_Reaction_Timer|simple_machine_3:sm2                                          ; simple_machine_3         ; work         ;
;       |bcd_decoder:bs|           ; 9 (9)               ; 0 (0)                     ; 0           ; 0          ; 0            ; 0       ; 0         ; 0    ; 0            ; 0          ; |DE10_LITE_Reaction_Timer|simple_machine_3:sm2|bcd_decoder:bs                           ; bcd_decoder              ; work         ;
;       |default_state:a|          ; 46 (46)             ; 32 (32)                   ; 0           ; 0          ; 0            ; 0       ; 0         ; 0    ; 0            ; 0          ; |DE10_LITE_Reaction_Timer|simple_machine_3:sm2|default_state:a                          ; default_state            ; work         ;
;       |high_score_state:e|       ; 84 (39)             ; 46 (29)                   ; 0           ; 0          ; 0            ; 0       ; 0         ; 0    ; 0            ; 0          ; |DE10_LITE_Reaction_Timer|simple_machine_3:sm2|high_score_state:e                       ; high_score_state         ; work         ;
;          |bcd_decoder:comb_43|   ; 7 (7)               ; 0 (0)                     ; 0           ; 0          ; 0            ; 0       ; 0         ; 0    ; 0            ; 0          ; |DE10_LITE_Reaction_Timer|simple_machine_3:sm2|high_score_state:e|bcd_decoder:comb_43   ; bcd_decoder              ; work         ;
;          |bcd_decoder:comb_44|   ; 7 (7)               ; 0 (0)                     ; 0           ; 0          ; 0            ; 0       ; 0         ; 0    ; 0            ; 0          ; |DE10_LITE_Reaction_Timer|simple_machine_3:sm2|high_score_state:e|bcd_decoder:comb_44   ; bcd_decoder              ; work         ;
;          |bcd_decoder:comb_45|   ; 7 (7)               ; 0 (0)                     ; 0           ; 0          ; 0            ; 0       ; 0         ; 0    ; 0            ; 0          ; |DE10_LITE_Reaction_Timer|simple_machine_3:sm2|high_score_state:e|bcd_decoder:comb_45   ; bcd_decoder              ; work         ;
;          |clock_divider:clk_div| ; 24 (24)             ; 17 (17)                   ; 0           ; 0          ; 0            ; 0       ; 0         ; 0    ; 0            ; 0          ; |DE10_LITE_Reaction_Timer|simple_machine_3:sm2|high_score_state:e|clock_divider:clk_div ; clock_divider            ; work         ;
;       |score_display_state:d|    ; 44 (22)             ; 18 (17)                   ; 0           ; 0          ; 0            ; 0       ; 0         ; 0    ; 0            ; 0          ; |DE10_LITE_Reaction_Timer|simple_machine_3:sm2|score_display_state:d                    ; score_display_state      ; work         ;
;          |bcd_decoder:comb_3|    ; 7 (7)               ; 0 (0)                     ; 0           ; 0          ; 0            ; 0       ; 0         ; 0    ; 0            ; 0          ; |DE10_LITE_Reaction_Timer|simple_machine_3:sm2|score_display_state:d|bcd_decoder:comb_3 ; bcd_decoder              ; work         ;
;          |bcd_decoder:comb_4|    ; 7 (7)               ; 0 (0)                     ; 0           ; 0          ; 0            ; 0       ; 0         ; 0    ; 0            ; 0          ; |DE10_LITE_Reaction_Timer|simple_machine_3:sm2|score_display_state:d|bcd_decoder:comb_4 ; bcd_decoder              ; work         ;
;          |bcd_decoder:comb_5|    ; 7 (7)               ; 0 (0)                     ; 0           ; 0          ; 0            ; 0       ; 0         ; 0    ; 0            ; 0          ; |DE10_LITE_Reaction_Timer|simple_machine_3:sm2|score_display_state:d|bcd_decoder:comb_5 ; bcd_decoder              ; work         ;
;          |clock_divider:kc|      ; 1 (1)               ; 1 (1)                     ; 0           ; 0          ; 0            ; 0       ; 0         ; 0    ; 0            ; 0          ; |DE10_LITE_Reaction_Timer|simple_machine_3:sm2|score_display_state:d|clock_divider:kc   ; clock_divider            ; work         ;
;       |timing_state:c|           ; 41 (0)              ; 28 (13)                   ; 0           ; 0          ; 0            ; 0       ; 0         ; 0    ; 0            ; 0          ; |DE10_LITE_Reaction_Timer|simple_machine_3:sm2|timing_state:c                           ; timing_state             ; work         ;
;          |bcd_counter:ca|        ; 5 (5)               ; 5 (5)                     ; 0           ; 0          ; 0            ; 0       ; 0         ; 0    ; 0            ; 0          ; |DE10_LITE_Reaction_Timer|simple_machine_3:sm2|timing_state:c|bcd_counter:ca            ; bcd_counter              ; work         ;
;          |bcd_counter:cb|        ; 5 (5)               ; 5 (5)                     ; 0           ; 0          ; 0            ; 0       ; 0         ; 0    ; 0            ; 0          ; |DE10_LITE_Reaction_Timer|simple_machine_3:sm2|timing_state:c|bcd_counter:cb            ; bcd_counter              ; work         ;
;          |bcd_counter:cc|        ; 4 (4)               ; 4 (4)                     ; 0           ; 0          ; 0            ; 0       ; 0         ; 0    ; 0            ; 0          ; |DE10_LITE_Reaction_Timer|simple_machine_3:sm2|timing_state:c|bcd_counter:cc            ; bcd_counter              ; work         ;
;          |bcd_decoder:da|        ; 7 (7)               ; 0 (0)                     ; 0           ; 0          ; 0            ; 0       ; 0         ; 0    ; 0            ; 0          ; |DE10_LITE_Reaction_Timer|simple_machine_3:sm2|timing_state:c|bcd_decoder:da            ; bcd_decoder              ; work         ;
;          |bcd_decoder:db|        ; 7 (7)               ; 0 (0)                     ; 0           ; 0          ; 0            ; 0       ; 0         ; 0    ; 0            ; 0          ; |DE10_LITE_Reaction_Timer|simple_machine_3:sm2|timing_state:c|bcd_decoder:db            ; bcd_decoder              ; work         ;
;          |bcd_decoder:dc|        ; 7 (7)               ; 0 (0)                     ; 0           ; 0          ; 0            ; 0       ; 0         ; 0    ; 0            ; 0          ; |DE10_LITE_Reaction_Timer|simple_machine_3:sm2|timing_state:c|bcd_decoder:dc            ; bcd_decoder              ; work         ;
;          |clock_divider:clk_div| ; 6 (6)               ; 1 (1)                     ; 0           ; 0          ; 0            ; 0       ; 0         ; 0    ; 0            ; 0          ; |DE10_LITE_Reaction_Timer|simple_machine_3:sm2|timing_state:c|clock_divider:clk_div     ; clock_divider            ; work         ;
;       |waiting_state:b|          ; 31 (28)             ; 33 (22)                   ; 0           ; 0          ; 0            ; 0       ; 0         ; 0    ; 0            ; 0          ; |DE10_LITE_Reaction_Timer|simple_machine_3:sm2|waiting_state:b                          ; waiting_state            ; work         ;
;          |clock_divider:clk_div| ; 1 (1)               ; 1 (1)                     ; 0           ; 0          ; 0            ; 0       ; 0         ; 0    ; 0            ; 0          ; |DE10_LITE_Reaction_Timer|simple_machine_3:sm2|waiting_state:b|clock_divider:clk_div    ; clock_divider            ; work         ;
;          |lfsr:l|                ; 2 (2)               ; 10 (10)                   ; 0           ; 0          ; 0            ; 0       ; 0         ; 0    ; 0            ; 0          ; |DE10_LITE_Reaction_Timer|simple_machine_3:sm2|waiting_state:b|lfsr:l                   ; lfsr                     ; work         ;
+----------------------------------+---------------------+---------------------------+-------------+------------+--------------+---------+-----------+------+--------------+------------+-----------------------------------------------------------------------------------------+--------------------------+--------------+
Note: For table entries with two numbers listed, the numbers in parentheses indicate the number of resources of the given type used by the specific entity alone. The numbers listed outside of parentheses indicate the total resources of the given type used by the specific entity and all of its sub-entities in the hierarchy.


+---------------------------------------------------------------------------------------------------------------------------------------------------------+
; Registers Removed During Synthesis                                                                                                                      ;
+---------------------------------------------------------------------+-----------------------------------------------------------------------------------+
; Register name                                                       ; Reason for Removal                                                                ;
+---------------------------------------------------------------------+-----------------------------------------------------------------------------------+
; simple_machine_3:sm2|high_score_state:e|delay[0..2]                 ; Stuck at GND due to stuck port data_in                                            ;
; simple_machine_3:sm2|high_score_state:e|delay[3..5]                 ; Stuck at VCC due to stuck port data_in                                            ;
; simple_machine_3:sm2|high_score_state:e|delay[6]                    ; Stuck at GND due to stuck port data_in                                            ;
; simple_machine_3:sm2|high_score_state:e|delay[7..9]                 ; Stuck at VCC due to stuck port data_in                                            ;
; simple_machine_3:sm2|high_score_state:e|delay[10]                   ; Stuck at GND due to stuck port data_in                                            ;
; simple_machine_3:sm2|high_score_state:e|delay[11]                   ; Stuck at VCC due to stuck port data_in                                            ;
; simple_machine_3:sm2|high_score_state:e|delay[12..15]               ; Stuck at GND due to stuck port data_in                                            ;
; simple_machine_3:sm2|score_display_state:d|out_state[3]             ; Stuck at GND due to stuck port data_in                                            ;
; simple_machine_3:sm2|waiting_state:b|delay[10]                      ; Stuck at VCC due to stuck port data_in                                            ;
; simple_machine_3:sm2|score_display_state:d|out_state[0]             ; Merged with simple_machine_3:sm2|score_display_state:d|out_state[1]               ;
; simple_machine_3:sm2|timing_state:c|LEDR[1..9]                      ; Merged with simple_machine_3:sm2|timing_state:c|LEDR[0]                           ;
; simple_machine_3:sm2|score_display_state:d|clock_divider:kc|cnt[14] ; Merged with simple_machine_3:sm2|high_score_state:e|clock_divider:clk_div|cnt[14] ;
; simple_machine_3:sm2|timing_state:c|clock_divider:clk_div|cnt[14]   ; Merged with simple_machine_3:sm2|high_score_state:e|clock_divider:clk_div|cnt[14] ;
; simple_machine_3:sm2|waiting_state:b|clock_divider:clk_div|cnt[14]  ; Merged with simple_machine_3:sm2|high_score_state:e|clock_divider:clk_div|cnt[14] ;
; simple_machine_3:sm2|score_display_state:d|clock_divider:kc|cnt[13] ; Merged with simple_machine_3:sm2|high_score_state:e|clock_divider:clk_div|cnt[13] ;
; simple_machine_3:sm2|timing_state:c|clock_divider:clk_div|cnt[13]   ; Merged with simple_machine_3:sm2|high_score_state:e|clock_divider:clk_div|cnt[13] ;
; simple_machine_3:sm2|waiting_state:b|clock_divider:clk_div|cnt[13]  ; Merged with simple_machine_3:sm2|high_score_state:e|clock_divider:clk_div|cnt[13] ;
; simple_machine_3:sm2|score_display_state:d|clock_divider:kc|cnt[8]  ; Merged with simple_machine_3:sm2|high_score_state:e|clock_divider:clk_div|cnt[8]  ;
; simple_machine_3:sm2|timing_state:c|clock_divider:clk_div|cnt[8]    ; Merged with simple_machine_3:sm2|high_score_state:e|clock_divider:clk_div|cnt[8]  ;
; simple_machine_3:sm2|waiting_state:b|clock_divider:clk_div|cnt[8]   ; Merged with simple_machine_3:sm2|high_score_state:e|clock_divider:clk_div|cnt[8]  ;
; simple_machine_3:sm2|score_display_state:d|clock_divider:kc|cnt[7]  ; Merged with simple_machine_3:sm2|high_score_state:e|clock_divider:clk_div|cnt[7]  ;
; simple_machine_3:sm2|timing_state:c|clock_divider:clk_div|cnt[7]    ; Merged with simple_machine_3:sm2|high_score_state:e|clock_divider:clk_div|cnt[7]  ;
; simple_machine_3:sm2|waiting_state:b|clock_divider:clk_div|cnt[7]   ; Merged with simple_machine_3:sm2|high_score_state:e|clock_divider:clk_div|cnt[7]  ;
; simple_machine_3:sm2|score_display_state:d|clock_divider:kc|cnt[5]  ; Merged with simple_machine_3:sm2|high_score_state:e|clock_divider:clk_div|cnt[5]  ;
; simple_machine_3:sm2|timing_state:c|clock_divider:clk_div|cnt[5]    ; Merged with simple_machine_3:sm2|high_score_state:e|clock_divider:clk_div|cnt[5]  ;
; simple_machine_3:sm2|waiting_state:b|clock_divider:clk_div|cnt[5]   ; Merged with simple_machine_3:sm2|high_score_state:e|clock_divider:clk_div|cnt[5]  ;
; simple_machine_3:sm2|score_display_state:d|clock_divider:kc|cnt[3]  ; Merged with simple_machine_3:sm2|high_score_state:e|clock_divider:clk_div|cnt[3]  ;
; simple_machine_3:sm2|timing_state:c|clock_divider:clk_div|cnt[3]    ; Merged with simple_machine_3:sm2|high_score_state:e|clock_divider:clk_div|cnt[3]  ;
; simple_machine_3:sm2|waiting_state:b|clock_divider:clk_div|cnt[3]   ; Merged with simple_machine_3:sm2|high_score_state:e|clock_divider:clk_div|cnt[3]  ;
; simple_machine_3:sm2|score_display_state:d|clock_divider:kc|cnt[15] ; Merged with simple_machine_3:sm2|high_score_state:e|clock_divider:clk_div|cnt[15] ;
; simple_machine_3:sm2|timing_state:c|clock_divider:clk_div|cnt[15]   ; Merged with simple_machine_3:sm2|high_score_state:e|clock_divider:clk_div|cnt[15] ;
; simple_machine_3:sm2|waiting_state:b|clock_divider:clk_div|cnt[15]  ; Merged with simple_machine_3:sm2|high_score_state:e|clock_divider:clk_div|cnt[15] ;
; simple_machine_3:sm2|score_display_state:d|clock_divider:kc|cnt[12] ; Merged with simple_machine_3:sm2|high_score_state:e|clock_divider:clk_div|cnt[12] ;
; simple_machine_3:sm2|timing_state:c|clock_divider:clk_div|cnt[12]   ; Merged with simple_machine_3:sm2|high_score_state:e|clock_divider:clk_div|cnt[12] ;
; simple_machine_3:sm2|waiting_state:b|clock_divider:clk_div|cnt[12]  ; Merged with simple_machine_3:sm2|high_score_state:e|clock_divider:clk_div|cnt[12] ;
; simple_machine_3:sm2|score_display_state:d|clock_divider:kc|cnt[11] ; Merged with simple_machine_3:sm2|high_score_state:e|clock_divider:clk_div|cnt[11] ;
; simple_machine_3:sm2|timing_state:c|clock_divider:clk_div|cnt[11]   ; Merged with simple_machine_3:sm2|high_score_state:e|clock_divider:clk_div|cnt[11] ;
; simple_machine_3:sm2|waiting_state:b|clock_divider:clk_div|cnt[11]  ; Merged with simple_machine_3:sm2|high_score_state:e|clock_divider:clk_div|cnt[11] ;
; simple_machine_3:sm2|score_display_state:d|clock_divider:kc|cnt[10] ; Merged with simple_machine_3:sm2|high_score_state:e|clock_divider:clk_div|cnt[10] ;
; simple_machine_3:sm2|timing_state:c|clock_divider:clk_div|cnt[10]   ; Merged with simple_machine_3:sm2|high_score_state:e|clock_divider:clk_div|cnt[10] ;
; simple_machine_3:sm2|waiting_state:b|clock_divider:clk_div|cnt[10]  ; Merged with simple_machine_3:sm2|high_score_state:e|clock_divider:clk_div|cnt[10] ;
; simple_machine_3:sm2|score_display_state:d|clock_divider:kc|cnt[9]  ; Merged with simple_machine_3:sm2|high_score_state:e|clock_divider:clk_div|cnt[9]  ;
; simple_machine_3:sm2|timing_state:c|clock_divider:clk_div|cnt[9]    ; Merged with simple_machine_3:sm2|high_score_state:e|clock_divider:clk_div|cnt[9]  ;
; simple_machine_3:sm2|waiting_state:b|clock_divider:clk_div|cnt[9]   ; Merged with simple_machine_3:sm2|high_score_state:e|clock_divider:clk_div|cnt[9]  ;
; simple_machine_3:sm2|score_display_state:d|clock_divider:kc|cnt[6]  ; Merged with simple_machine_3:sm2|high_score_state:e|clock_divider:clk_div|cnt[6]  ;
; simple_machine_3:sm2|timing_state:c|clock_divider:clk_div|cnt[6]    ; Merged with simple_machine_3:sm2|high_score_state:e|clock_divider:clk_div|cnt[6]  ;
; simple_machine_3:sm2|waiting_state:b|clock_divider:clk_div|cnt[6]   ; Merged with simple_machine_3:sm2|high_score_state:e|clock_divider:clk_div|cnt[6]  ;
; simple_machine_3:sm2|score_display_state:d|clock_divider:kc|cnt[4]  ; Merged with simple_machine_3:sm2|high_score_state:e|clock_divider:clk_div|cnt[4]  ;
; simple_machine_3:sm2|timing_state:c|clock_divider:clk_div|cnt[4]    ; Merged with simple_machine_3:sm2|high_score_state:e|clock_divider:clk_div|cnt[4]  ;
; simple_machine_3:sm2|waiting_state:b|clock_divider:clk_div|cnt[4]   ; Merged with simple_machine_3:sm2|high_score_state:e|clock_divider:clk_div|cnt[4]  ;
; simple_machine_3:sm2|score_display_state:d|clock_divider:kc|cnt[2]  ; Merged with simple_machine_3:sm2|high_score_state:e|clock_divider:clk_div|cnt[2]  ;
; simple_machine_3:sm2|timing_state:c|clock_divider:clk_div|cnt[2]    ; Merged with simple_machine_3:sm2|high_score_state:e|clock_divider:clk_div|cnt[2]  ;
; simple_machine_3:sm2|waiting_state:b|clock_divider:clk_div|cnt[2]   ; Merged with simple_machine_3:sm2|high_score_state:e|clock_divider:clk_div|cnt[2]  ;
; simple_machine_3:sm2|score_display_state:d|clock_divider:kc|cnt[1]  ; Merged with simple_machine_3:sm2|high_score_state:e|clock_divider:clk_div|cnt[1]  ;
; simple_machine_3:sm2|timing_state:c|clock_divider:clk_div|cnt[1]    ; Merged with simple_machine_3:sm2|high_score_state:e|clock_divider:clk_div|cnt[1]  ;
; simple_machine_3:sm2|waiting_state:b|clock_divider:clk_div|cnt[1]   ; Merged with simple_machine_3:sm2|high_score_state:e|clock_divider:clk_div|cnt[1]  ;
; simple_machine_3:sm2|score_display_state:d|clock_divider:kc|cnt[0]  ; Merged with simple_machine_3:sm2|high_score_state:e|clock_divider:clk_div|cnt[0]  ;
; simple_machine_3:sm2|timing_state:c|clock_divider:clk_div|cnt[0]    ; Merged with simple_machine_3:sm2|high_score_state:e|clock_divider:clk_div|cnt[0]  ;
; simple_machine_3:sm2|waiting_state:b|clock_divider:clk_div|cnt[0]   ; Merged with simple_machine_3:sm2|high_score_state:e|clock_divider:clk_div|cnt[0]  ;
; simple_machine_3:sm2|state[3]                                       ; Stuck at GND due to stuck port data_in                                            ;
; simple_machine_3:sm2|score_display_state:d|out_state[1]             ; Merged with simple_machine_3:sm2|score_display_state:d|out_state[2]               ;
; Total Number of Removed Registers = 78                              ;                                                                                   ;
+---------------------------------------------------------------------+-----------------------------------------------------------------------------------+


+------------------------------------------------------+
; General Register Statistics                          ;
+----------------------------------------------+-------+
; Statistic                                    ; Value ;
+----------------------------------------------+-------+
; Total registers                              ; 165   ;
; Number of registers using Synchronous Clear  ; 41    ;
; Number of registers using Synchronous Load   ; 16    ;
; Number of registers using Asynchronous Clear ; 12    ;
; Number of registers using Asynchronous Load  ; 0     ;
; Number of registers using Clock Enable       ; 64    ;
; Number of registers using Preset             ; 0     ;
+----------------------------------------------+-------+


+--------------------------------------------------------------+
; Inverted Register Statistics                                 ;
+----------------------------------------------------+---------+
; Inverted Register                                  ; Fan out ;
+----------------------------------------------------+---------+
; simple_machine_3:sm2|waiting_state:b|lfsr:l|out[0] ; 2       ;
; Total number of inverted registers = 1             ;         ;
+----------------------------------------------------+---------+


+-----------------------------------------------------------------------------------------------------------------------------------------------------------------------------------------------+
; Multiplexer Restructuring Statistics (Restructuring Performed)                                                                                                                                ;
+--------------------+-----------+---------------+----------------------+------------------------+------------+---------------------------------------------------------------------------------+
; Multiplexer Inputs ; Bus Width ; Baseline Area ; Area if Restructured ; Saving if Restructured ; Registered ; Example Multiplexer Output                                                      ;
+--------------------+-----------+---------------+----------------------+------------------------+------------+---------------------------------------------------------------------------------+
; 3:1                ; 10 bits   ; 20 LEs        ; 10 LEs               ; 10 LEs                 ; Yes        ; |DE10_LITE_Reaction_Timer|simple_machine_3:sm2|waiting_state:b|clk_cnt[2]       ;
; 3:1                ; 16 bits   ; 32 LEs        ; 16 LEs               ; 16 LEs                 ; Yes        ; |DE10_LITE_Reaction_Timer|simple_machine_3:sm2|score_display_state:d|clk_cnt[9] ;
; 4:1                ; 16 bits   ; 32 LEs        ; 16 LEs               ; 16 LEs                 ; Yes        ; |DE10_LITE_Reaction_Timer|simple_machine_3:sm2|high_score_state:e|clk_cnt[7]    ;
; 16:1               ; 5 bits    ; 50 LEs        ; 15 LEs               ; 35 LEs                 ; Yes        ; |DE10_LITE_Reaction_Timer|simple_machine_3:sm2|b_enable                         ;
; 3:1                ; 10 bits   ; 20 LEs        ; 20 LEs               ; 0 LEs                  ; No         ; |DE10_LITE_Reaction_Timer|simple_machine_3:sm2|LEDR[7]                          ;
; 16:1               ; 21 bits   ; 210 LEs       ; 84 LEs               ; 126 LEs                ; No         ; |DE10_LITE_Reaction_Timer|simple_machine_3:sm2|HEX0[3]                          ;
+--------------------+-----------+---------------+----------------------+------------------------+------------+---------------------------------------------------------------------------------+


+--------------------------------------------------------------------------------------------------------------------------------------------------------------------------------------------------------------------+
; Port Connectivity Checks: "simple_machine_3:sm2|bcd_decoder:bb"                                                                                                                                                    ;
+------------+-------+----------+------------------------------------------------------------------------------------------------------------------------------------------------------------------------------------+
; Port       ; Type  ; Severity ; Details                                                                                                                                                                            ;
+------------+-------+----------+------------------------------------------------------------------------------------------------------------------------------------------------------------------------------------+
; decimal    ; Input ; Warning  ; Input port expression (32 bits) is wider than the input port (4 bits) it drives.  The 28 most-significant bit(s) in the expression will be dangling if they have no other fanouts. ;
; decimal[3] ; Input ; Info     ; Stuck at VCC                                                                                                                                                                       ;
; decimal[2] ; Input ; Info     ; Stuck at GND                                                                                                                                                                       ;
; decimal[1] ; Input ; Info     ; Stuck at VCC                                                                                                                                                                       ;
; decimal[0] ; Input ; Info     ; Stuck at GND                                                                                                                                                                       ;
; dec        ; Input ; Warning  ; Input port expression (32 bits) is wider than the input port (1 bits) it drives.  The 31 most-significant bit(s) in the expression will be dangling if they have no other fanouts. ;
; dec[-1]    ; Input ; Info     ; Stuck at GND                                                                                                                                                                       ;
+------------+-------+----------+------------------------------------------------------------------------------------------------------------------------------------------------------------------------------------+


+--------------------------------------------------------------------------------------------------------------------------------------------------------------------------------------------------------------------+
; Port Connectivity Checks: "simple_machine_3:sm2|bcd_decoder:ba"                                                                                                                                                    ;
+------------+-------+----------+------------------------------------------------------------------------------------------------------------------------------------------------------------------------------------+
; Port       ; Type  ; Severity ; Details                                                                                                                                                                            ;
+------------+-------+----------+------------------------------------------------------------------------------------------------------------------------------------------------------------------------------------+
; decimal    ; Input ; Warning  ; Input port expression (32 bits) is wider than the input port (4 bits) it drives.  The 28 most-significant bit(s) in the expression will be dangling if they have no other fanouts. ;
; decimal[3] ; Input ; Info     ; Stuck at VCC                                                                                                                                                                       ;
; decimal[2] ; Input ; Info     ; Stuck at GND                                                                                                                                                                       ;
; decimal[1] ; Input ; Info     ; Stuck at VCC                                                                                                                                                                       ;
; decimal[0] ; Input ; Info     ; Stuck at GND                                                                                                                                                                       ;
; dec        ; Input ; Warning  ; Input port expression (32 bits) is wider than the input port (1 bits) it drives.  The 31 most-significant bit(s) in the expression will be dangling if they have no other fanouts. ;
; dec[-1]    ; Input ; Info     ; Stuck at GND                                                                                                                                                                       ;
+------------+-------+----------+------------------------------------------------------------------------------------------------------------------------------------------------------------------------------------+


+-----------------------------------------------------------------------------------------------------------------------------------------------------------------------------------------------------------------+
; Port Connectivity Checks: "simple_machine_3:sm2|bcd_decoder:bs"                                                                                                                                                 ;
+---------+-------+----------+------------------------------------------------------------------------------------------------------------------------------------------------------------------------------------+
; Port    ; Type  ; Severity ; Details                                                                                                                                                                            ;
+---------+-------+----------+------------------------------------------------------------------------------------------------------------------------------------------------------------------------------------+
; dec     ; Input ; Warning  ; Input port expression (32 bits) is wider than the input port (1 bits) it drives.  The 31 most-significant bit(s) in the expression will be dangling if they have no other fanouts. ;
; dec[-1] ; Input ; Info     ; Stuck at VCC                                                                                                                                                                       ;
+---------+-------+----------+------------------------------------------------------------------------------------------------------------------------------------------------------------------------------------+


+-----------------------------------------------------------------------------------------------------------------------------------------------------------------------------------------------------------------+
; Port Connectivity Checks: "simple_machine_3:sm2|high_score_state:e|bcd_decoder:comb_45"                                                                                                                         ;
+---------+-------+----------+------------------------------------------------------------------------------------------------------------------------------------------------------------------------------------+
; Port    ; Type  ; Severity ; Details                                                                                                                                                                            ;
+---------+-------+----------+------------------------------------------------------------------------------------------------------------------------------------------------------------------------------------+
; dec     ; Input ; Warning  ; Input port expression (32 bits) is wider than the input port (1 bits) it drives.  The 31 most-significant bit(s) in the expression will be dangling if they have no other fanouts. ;
; dec[-1] ; Input ; Info     ; Stuck at GND                                                                                                                                                                       ;
+---------+-------+----------+------------------------------------------------------------------------------------------------------------------------------------------------------------------------------------+


+-----------------------------------------------------------------------------------------------------------------------------------------------------------------------------------------------------------------+
; Port Connectivity Checks: "simple_machine_3:sm2|high_score_state:e|bcd_decoder:comb_44"                                                                                                                         ;
+---------+-------+----------+------------------------------------------------------------------------------------------------------------------------------------------------------------------------------------+
; Port    ; Type  ; Severity ; Details                                                                                                                                                                            ;
+---------+-------+----------+------------------------------------------------------------------------------------------------------------------------------------------------------------------------------------+
; dec     ; Input ; Warning  ; Input port expression (32 bits) is wider than the input port (1 bits) it drives.  The 31 most-significant bit(s) in the expression will be dangling if they have no other fanouts. ;
; dec[-1] ; Input ; Info     ; Stuck at GND                                                                                                                                                                       ;
+---------+-------+----------+------------------------------------------------------------------------------------------------------------------------------------------------------------------------------------+


+-----------------------------------------------------------------------------------------------------------------------------------------------------------------------------------------------------------------+
; Port Connectivity Checks: "simple_machine_3:sm2|high_score_state:e|bcd_decoder:comb_43"                                                                                                                         ;
+---------+-------+----------+------------------------------------------------------------------------------------------------------------------------------------------------------------------------------------+
; Port    ; Type  ; Severity ; Details                                                                                                                                                                            ;
+---------+-------+----------+------------------------------------------------------------------------------------------------------------------------------------------------------------------------------------+
; dec     ; Input ; Warning  ; Input port expression (32 bits) is wider than the input port (1 bits) it drives.  The 31 most-significant bit(s) in the expression will be dangling if they have no other fanouts. ;
; dec[-1] ; Input ; Info     ; Stuck at GND                                                                                                                                                                       ;
+---------+-------+----------+------------------------------------------------------------------------------------------------------------------------------------------------------------------------------------+


+-----------------------------------------------------------------------------------------------------------------------------------------------------------------------------------------------------------------+
; Port Connectivity Checks: "simple_machine_3:sm2|score_display_state:d|bcd_decoder:comb_5"                                                                                                                       ;
+---------+-------+----------+------------------------------------------------------------------------------------------------------------------------------------------------------------------------------------+
; Port    ; Type  ; Severity ; Details                                                                                                                                                                            ;
+---------+-------+----------+------------------------------------------------------------------------------------------------------------------------------------------------------------------------------------+
; dec     ; Input ; Warning  ; Input port expression (32 bits) is wider than the input port (1 bits) it drives.  The 31 most-significant bit(s) in the expression will be dangling if they have no other fanouts. ;
; dec[-1] ; Input ; Info     ; Stuck at GND                                                                                                                                                                       ;
+---------+-------+----------+------------------------------------------------------------------------------------------------------------------------------------------------------------------------------------+


+-----------------------------------------------------------------------------------------------------------------------------------------------------------------------------------------------------------------+
; Port Connectivity Checks: "simple_machine_3:sm2|score_display_state:d|bcd_decoder:comb_4"                                                                                                                       ;
+---------+-------+----------+------------------------------------------------------------------------------------------------------------------------------------------------------------------------------------+
; Port    ; Type  ; Severity ; Details                                                                                                                                                                            ;
+---------+-------+----------+------------------------------------------------------------------------------------------------------------------------------------------------------------------------------------+
; dec     ; Input ; Warning  ; Input port expression (32 bits) is wider than the input port (1 bits) it drives.  The 31 most-significant bit(s) in the expression will be dangling if they have no other fanouts. ;
; dec[-1] ; Input ; Info     ; Stuck at GND                                                                                                                                                                       ;
+---------+-------+----------+------------------------------------------------------------------------------------------------------------------------------------------------------------------------------------+


+-----------------------------------------------------------------------------------------------------------------------------------------------------------------------------------------------------------------+
; Port Connectivity Checks: "simple_machine_3:sm2|score_display_state:d|bcd_decoder:comb_3"                                                                                                                       ;
+---------+-------+----------+------------------------------------------------------------------------------------------------------------------------------------------------------------------------------------+
; Port    ; Type  ; Severity ; Details                                                                                                                                                                            ;
+---------+-------+----------+------------------------------------------------------------------------------------------------------------------------------------------------------------------------------------+
; dec     ; Input ; Warning  ; Input port expression (32 bits) is wider than the input port (1 bits) it drives.  The 31 most-significant bit(s) in the expression will be dangling if they have no other fanouts. ;
; dec[-1] ; Input ; Info     ; Stuck at GND                                                                                                                                                                       ;
+---------+-------+----------+------------------------------------------------------------------------------------------------------------------------------------------------------------------------------------+


+-----------------------------------------------------------------------------------------------------------------------------------------------------------------------------------------------------------------+
; Port Connectivity Checks: "simple_machine_3:sm2|timing_state:c|bcd_decoder:dc"                                                                                                                                  ;
+---------+-------+----------+------------------------------------------------------------------------------------------------------------------------------------------------------------------------------------+
; Port    ; Type  ; Severity ; Details                                                                                                                                                                            ;
+---------+-------+----------+------------------------------------------------------------------------------------------------------------------------------------------------------------------------------------+
; dec     ; Input ; Warning  ; Input port expression (32 bits) is wider than the input port (1 bits) it drives.  The 31 most-significant bit(s) in the expression will be dangling if they have no other fanouts. ;
; dec[-1] ; Input ; Info     ; Stuck at GND                                                                                                                                                                       ;
+---------+-------+----------+------------------------------------------------------------------------------------------------------------------------------------------------------------------------------------+


+-----------------------------------------------------------------------------------------------------------------------------------------------------------------------------------------------------------------+
; Port Connectivity Checks: "simple_machine_3:sm2|timing_state:c|bcd_decoder:db"                                                                                                                                  ;
+---------+-------+----------+------------------------------------------------------------------------------------------------------------------------------------------------------------------------------------+
; Port    ; Type  ; Severity ; Details                                                                                                                                                                            ;
+---------+-------+----------+------------------------------------------------------------------------------------------------------------------------------------------------------------------------------------+
; dec     ; Input ; Warning  ; Input port expression (32 bits) is wider than the input port (1 bits) it drives.  The 31 most-significant bit(s) in the expression will be dangling if they have no other fanouts. ;
; dec[-1] ; Input ; Info     ; Stuck at GND                                                                                                                                                                       ;
+---------+-------+----------+------------------------------------------------------------------------------------------------------------------------------------------------------------------------------------+


+-----------------------------------------------------------------------------------------------------------------------------------------------------------------------------------------------------------------+
; Port Connectivity Checks: "simple_machine_3:sm2|timing_state:c|bcd_decoder:da"                                                                                                                                  ;
+---------+-------+----------+------------------------------------------------------------------------------------------------------------------------------------------------------------------------------------+
; Port    ; Type  ; Severity ; Details                                                                                                                                                                            ;
+---------+-------+----------+------------------------------------------------------------------------------------------------------------------------------------------------------------------------------------+
; dec     ; Input ; Warning  ; Input port expression (32 bits) is wider than the input port (1 bits) it drives.  The 31 most-significant bit(s) in the expression will be dangling if they have no other fanouts. ;
; dec[-1] ; Input ; Info     ; Stuck at GND                                                                                                                                                                       ;
+---------+-------+----------+------------------------------------------------------------------------------------------------------------------------------------------------------------------------------------+


+-----------------------------------------------------------------------------------------------------------------+
; Port Connectivity Checks: "simple_machine_3:sm2|timing_state:c|bcd_counter:cc"                                  ;
+-------+--------+----------+-------------------------------------------------------------------------------------+
; Port  ; Type   ; Severity ; Details                                                                             ;
+-------+--------+----------+-------------------------------------------------------------------------------------+
; carry ; Output ; Info     ; Connected to dangling logic. Logic that only feeds a dangling port will be removed. ;
+-------+--------+----------+-------------------------------------------------------------------------------------+


+-------------------------------------------------------------------------------------------------------------------------------------------------------------------------------------------------------------------+
; Port Connectivity Checks: "simple_machine_3:sm2"                                                                                                                                                                  ;
+-----------+-------+----------+------------------------------------------------------------------------------------------------------------------------------------------------------------------------------------+
; Port      ; Type  ; Severity ; Details                                                                                                                                                                            ;
+-----------+-------+----------+------------------------------------------------------------------------------------------------------------------------------------------------------------------------------------+
; reset     ; Input ; Warning  ; Input port expression (32 bits) is wider than the input port (1 bits) it drives.  The 31 most-significant bit(s) in the expression will be dangling if they have no other fanouts. ;
; reset[-1] ; Input ; Info     ; Stuck at GND                                                                                                                                                                       ;
+-----------+-------+----------+------------------------------------------------------------------------------------------------------------------------------------------------------------------------------------+


+-----------------------------------------------------+
; Post-Synthesis Netlist Statistics for Top Partition ;
+-----------------------+-----------------------------+
; Type                  ; Count                       ;
+-----------------------+-----------------------------+
; boundary_port         ; 73                          ;
; cycloneiii_ff         ; 165                         ;
;     CLR               ; 12                          ;
;     ENA               ; 28                          ;
;     ENA SCLR          ; 20                          ;
;     ENA SLD           ; 16                          ;
;     SCLR              ; 21                          ;
;     plain             ; 68                          ;
; cycloneiii_lcell_comb ; 341                         ;
;     arith             ; 86                          ;
;         2 data inputs ; 75                          ;
;         3 data inputs ; 11                          ;
;     normal            ; 255                         ;
;         0 data inputs ; 2                           ;
;         1 data inputs ; 16                          ;
;         2 data inputs ; 18                          ;
;         3 data inputs ; 32                          ;
;         4 data inputs ; 187                         ;
;                       ;                             ;
; Max LUT depth         ; 4.00                        ;
; Average LUT depth     ; 2.56                        ;
+-----------------------+-----------------------------+


+-------------------------------+
; Elapsed Time Per Partition    ;
+----------------+--------------+
; Partition Name ; Elapsed Time ;
+----------------+--------------+
; Top            ; 00:00:00     ;
+----------------+--------------+


+-------------------------------+
; Analysis & Synthesis Messages ;
+-------------------------------+
Info: *******************************************************************
Info: Running Quartus Prime Analysis & Synthesis
    Info: Version 18.1.0 Build 625 09/12/2018 SJ Lite Edition
    Info: Processing started: Thu May 02 14:18:10 2019
Info: Command: quartus_map --read_settings_files=on --write_settings_files=off DE10_LITE_Reaction_Timer -c DE10_LITE_Reaction_Timer
Warning (18236): Number of processors has not been specified which may cause overloading on shared machines.  Set the global assignment NUM_PARALLEL_PROCESSORS in your QSF to an appropriate value for best performance.
Info (20030): Parallel compilation is enabled and will use 2 of the 2 processors detected
Info (12021): Found 1 design units, including 1 entities, in source file bcd_decoder.v
    Info (12023): Found entity 1: bcd_decoder File: Z:/Documents/CUBoulder/2019_Spring/ECEN2350-DigitalLogic/Project2/bcd_decoder.v Line: 1
Info (12021): Found 1 design units, including 1 entities, in source file bcd_counter.v
    Info (12023): Found entity 1: bcd_counter File: Z:/Documents/CUBoulder/2019_Spring/ECEN2350-DigitalLogic/Project2/bcd_counter.v Line: 1
Info (12021): Found 1 design units, including 1 entities, in source file clock_divider.v
    Info (12023): Found entity 1: clock_divider File: Z:/Documents/CUBoulder/2019_Spring/ECEN2350-DigitalLogic/Project2/clock_divider.v Line: 1
Info (12021): Found 1 design units, including 1 entities, in source file timing_state.v
    Info (12023): Found entity 1: timing_state File: Z:/Documents/CUBoulder/2019_Spring/ECEN2350-DigitalLogic/Project2/timing_state.v Line: 1
Info (12021): Found 1 design units, including 1 entities, in source file simple_machine_3.v
    Info (12023): Found entity 1: simple_machine_3 File: Z:/Documents/CUBoulder/2019_Spring/ECEN2350-DigitalLogic/Project2/simple_machine_3.v Line: 1
Info (12021): Found 1 design units, including 1 entities, in source file default_state.v
    Info (12023): Found entity 1: default_state File: Z:/Documents/CUBoulder/2019_Spring/ECEN2350-DigitalLogic/Project2/default_state.v Line: 1
Info (12021): Found 1 design units, including 1 entities, in source file waiting_state.v
    Info (12023): Found entity 1: waiting_state File: Z:/Documents/CUBoulder/2019_Spring/ECEN2350-DigitalLogic/Project2/waiting_state.v Line: 1
Info (12021): Found 1 design units, including 1 entities, in source file score_display_state.v
    Info (12023): Found entity 1: score_display_state File: Z:/Documents/CUBoulder/2019_Spring/ECEN2350-DigitalLogic/Project2/score_display_state.v Line: 1
Info (12021): Found 1 design units, including 1 entities, in source file high_score_state.v
    Info (12023): Found entity 1: high_score_state File: Z:/Documents/CUBoulder/2019_Spring/ECEN2350-DigitalLogic/Project2/high_score_state.v Line: 1
Info (12021): Found 1 design units, including 1 entities, in source file lfsr.v
    Info (12023): Found entity 1: lfsr File: Z:/Documents/CUBoulder/2019_Spring/ECEN2350-DigitalLogic/Project2/lfsr.v Line: 1
Critical Warning (10846): Verilog HDL Instantiation warning at score_display_state.v(20): instance has no name File: Z:/Documents/CUBoulder/2019_Spring/ECEN2350-DigitalLogic/Project2/score_display_state.v Line: 20
Critical Warning (10846): Verilog HDL Instantiation warning at score_display_state.v(21): instance has no name File: Z:/Documents/CUBoulder/2019_Spring/ECEN2350-DigitalLogic/Project2/score_display_state.v Line: 21
Critical Warning (10846): Verilog HDL Instantiation warning at score_display_state.v(22): instance has no name File: Z:/Documents/CUBoulder/2019_Spring/ECEN2350-DigitalLogic/Project2/score_display_state.v Line: 22
Critical Warning (10846): Verilog HDL Instantiation warning at high_score_state.v(32): instance has no name File: Z:/Documents/CUBoulder/2019_Spring/ECEN2350-DigitalLogic/Project2/high_score_state.v Line: 32
Critical Warning (10846): Verilog HDL Instantiation warning at high_score_state.v(33): instance has no name File: Z:/Documents/CUBoulder/2019_Spring/ECEN2350-DigitalLogic/Project2/high_score_state.v Line: 33
Critical Warning (10846): Verilog HDL Instantiation warning at high_score_state.v(34): instance has no name File: Z:/Documents/CUBoulder/2019_Spring/ECEN2350-DigitalLogic/Project2/high_score_state.v Line: 34
Warning (12125): Using design file de10_lite_reaction_timer.v, which is not specified as a design file for the current project, but contains definitions for 1 design units and 1 entities in project
    Info (12023): Found entity 1: DE10_LITE_Reaction_Timer File: Z:/Documents/CUBoulder/2019_Spring/ECEN2350-DigitalLogic/Project2/de10_lite_reaction_timer.v Line: 6
Info (12127): Elaborating entity "DE10_LITE_Reaction_Timer" for the top level hierarchy
Info (12128): Elaborating entity "simple_machine_3" for hierarchy "simple_machine_3:sm2" File: Z:/Documents/CUBoulder/2019_Spring/ECEN2350-DigitalLogic/Project2/de10_lite_reaction_timer.v Line: 70
Info (12128): Elaborating entity "default_state" for hierarchy "simple_machine_3:sm2|default_state:a" File: Z:/Documents/CUBoulder/2019_Spring/ECEN2350-DigitalLogic/Project2/simple_machine_3.v Line: 21
Warning (10230): Verilog HDL assignment warning at default_state.v(19): truncated value with size 32 to match size of target (21) File: Z:/Documents/CUBoulder/2019_Spring/ECEN2350-DigitalLogic/Project2/default_state.v Line: 19
Warning (10230): Verilog HDL assignment warning at default_state.v(39): truncated value with size 32 to match size of target (4) File: Z:/Documents/CUBoulder/2019_Spring/ECEN2350-DigitalLogic/Project2/default_state.v Line: 39
Info (12128): Elaborating entity "waiting_state" for hierarchy "simple_machine_3:sm2|waiting_state:b" File: Z:/Documents/CUBoulder/2019_Spring/ECEN2350-DigitalLogic/Project2/simple_machine_3.v Line: 26
Warning (10036): Verilog HDL or VHDL warning at waiting_state.v(12): object "clk_done" assigned a value but never read File: Z:/Documents/CUBoulder/2019_Spring/ECEN2350-DigitalLogic/Project2/waiting_state.v Line: 12
Warning (10230): Verilog HDL assignment warning at waiting_state.v(23): truncated value with size 32 to match size of target (11) File: Z:/Documents/CUBoulder/2019_Spring/ECEN2350-DigitalLogic/Project2/waiting_state.v Line: 23
Warning (10230): Verilog HDL assignment warning at waiting_state.v(26): truncated value with size 11 to match size of target (10) File: Z:/Documents/CUBoulder/2019_Spring/ECEN2350-DigitalLogic/Project2/waiting_state.v Line: 26
Warning (10230): Verilog HDL assignment warning at waiting_state.v(50): truncated value with size 32 to match size of target (11) File: Z:/Documents/CUBoulder/2019_Spring/ECEN2350-DigitalLogic/Project2/waiting_state.v Line: 50
Warning (10230): Verilog HDL assignment warning at waiting_state.v(55): truncated value with size 32 to match size of target (4) File: Z:/Documents/CUBoulder/2019_Spring/ECEN2350-DigitalLogic/Project2/waiting_state.v Line: 55
Info (12128): Elaborating entity "clock_divider" for hierarchy "simple_machine_3:sm2|waiting_state:b|clock_divider:clk_div" File: Z:/Documents/CUBoulder/2019_Spring/ECEN2350-DigitalLogic/Project2/waiting_state.v Line: 15
Warning (10230): Verilog HDL assignment warning at clock_divider.v(20): truncated value with size 32 to match size of target (16) File: Z:/Documents/CUBoulder/2019_Spring/ECEN2350-DigitalLogic/Project2/clock_divider.v Line: 20
Info (12128): Elaborating entity "lfsr" for hierarchy "simple_machine_3:sm2|waiting_state:b|lfsr:l" File: Z:/Documents/CUBoulder/2019_Spring/ECEN2350-DigitalLogic/Project2/waiting_state.v Line: 18
Info (12128): Elaborating entity "timing_state" for hierarchy "simple_machine_3:sm2|timing_state:c" File: Z:/Documents/CUBoulder/2019_Spring/ECEN2350-DigitalLogic/Project2/simple_machine_3.v Line: 37
Warning (10230): Verilog HDL assignment warning at timing_state.v(54): truncated value with size 32 to match size of target (4) File: Z:/Documents/CUBoulder/2019_Spring/ECEN2350-DigitalLogic/Project2/timing_state.v Line: 54
Info (12128): Elaborating entity "bcd_counter" for hierarchy "simple_machine_3:sm2|timing_state:c|bcd_counter:ca" File: Z:/Documents/CUBoulder/2019_Spring/ECEN2350-DigitalLogic/Project2/timing_state.v Line: 31
Warning (10230): Verilog HDL assignment warning at bcd_counter.v(26): truncated value with size 32 to match size of target (4) File: Z:/Documents/CUBoulder/2019_Spring/ECEN2350-DigitalLogic/Project2/bcd_counter.v Line: 26
Info (12128): Elaborating entity "bcd_decoder" for hierarchy "simple_machine_3:sm2|timing_state:c|bcd_decoder:da" File: Z:/Documents/CUBoulder/2019_Spring/ECEN2350-DigitalLogic/Project2/timing_state.v Line: 35
Info (12128): Elaborating entity "score_display_state" for hierarchy "simple_machine_3:sm2|score_display_state:d" File: Z:/Documents/CUBoulder/2019_Spring/ECEN2350-DigitalLogic/Project2/simple_machine_3.v Line: 44
Warning (10230): Verilog HDL assignment warning at score_display_state.v(39): truncated value with size 32 to match size of target (16) File: Z:/Documents/CUBoulder/2019_Spring/ECEN2350-DigitalLogic/Project2/score_display_state.v Line: 39
Info (12128): Elaborating entity "high_score_state" for hierarchy "simple_machine_3:sm2|high_score_state:e" File: Z:/Documents/CUBoulder/2019_Spring/ECEN2350-DigitalLogic/Project2/simple_machine_3.v Line: 51
Warning (10036): Verilog HDL or VHDL warning at high_score_state.v(46): object "clk_done" assigned a value but never read File: Z:/Documents/CUBoulder/2019_Spring/ECEN2350-DigitalLogic/Project2/high_score_state.v Line: 46
Warning (10230): Verilog HDL assignment warning at high_score_state.v(76): truncated value with size 32 to match size of target (16) File: Z:/Documents/CUBoulder/2019_Spring/ECEN2350-DigitalLogic/Project2/high_score_state.v Line: 76
Warning (10230): Verilog HDL assignment warning at high_score_state.v(81): truncated value with size 32 to match size of target (4) File: Z:/Documents/CUBoulder/2019_Spring/ECEN2350-DigitalLogic/Project2/high_score_state.v Line: 81
Warning (12241): 13 hierarchies have connectivity warnings - see the Connectivity Checks report folder
Warning (13024): Output pins are stuck at VCC or GND
    Warning (13410): Pin "HEX0[7]" is stuck at VCC File: Z:/Documents/CUBoulder/2019_Spring/ECEN2350-DigitalLogic/Project2/de10_lite_reaction_timer.v Line: 14
    Warning (13410): Pin "HEX1[7]" is stuck at VCC File: Z:/Documents/CUBoulder/2019_Spring/ECEN2350-DigitalLogic/Project2/de10_lite_reaction_timer.v Line: 15
    Warning (13410): Pin "HEX2[7]" is stuck at VCC File: Z:/Documents/CUBoulder/2019_Spring/ECEN2350-DigitalLogic/Project2/de10_lite_reaction_timer.v Line: 16
    Warning (13410): Pin "HEX3[0]" is stuck at VCC File: Z:/Documents/CUBoulder/2019_Spring/ECEN2350-DigitalLogic/Project2/de10_lite_reaction_timer.v Line: 17
    Warning (13410): Pin "HEX3[1]" is stuck at VCC File: Z:/Documents/CUBoulder/2019_Spring/ECEN2350-DigitalLogic/Project2/de10_lite_reaction_timer.v Line: 17
    Warning (13410): Pin "HEX3[2]" is stuck at VCC File: Z:/Documents/CUBoulder/2019_Spring/ECEN2350-DigitalLogic/Project2/de10_lite_reaction_timer.v Line: 17
    Warning (13410): Pin "HEX3[3]" is stuck at VCC File: Z:/Documents/CUBoulder/2019_Spring/ECEN2350-DigitalLogic/Project2/de10_lite_reaction_timer.v Line: 17
    Warning (13410): Pin "HEX3[4]" is stuck at VCC File: Z:/Documents/CUBoulder/2019_Spring/ECEN2350-DigitalLogic/Project2/de10_lite_reaction_timer.v Line: 17
    Warning (13410): Pin "HEX3[5]" is stuck at VCC File: Z:/Documents/CUBoulder/2019_Spring/ECEN2350-DigitalLogic/Project2/de10_lite_reaction_timer.v Line: 17
    Warning (13410): Pin "HEX3[6]" is stuck at VCC File: Z:/Documents/CUBoulder/2019_Spring/ECEN2350-DigitalLogic/Project2/de10_lite_reaction_timer.v Line: 17
    Warning (13410): Pin "HEX3[7]" is stuck at VCC File: Z:/Documents/CUBoulder/2019_Spring/ECEN2350-DigitalLogic/Project2/de10_lite_reaction_timer.v Line: 17
    Warning (13410): Pin "HEX4[0]" is stuck at VCC File: Z:/Documents/CUBoulder/2019_Spring/ECEN2350-DigitalLogic/Project2/de10_lite_reaction_timer.v Line: 18
    Warning (13410): Pin "HEX4[1]" is stuck at VCC File: Z:/Documents/CUBoulder/2019_Spring/ECEN2350-DigitalLogic/Project2/de10_lite_reaction_timer.v Line: 18
    Warning (13410): Pin "HEX4[2]" is stuck at VCC File: Z:/Documents/CUBoulder/2019_Spring/ECEN2350-DigitalLogic/Project2/de10_lite_reaction_timer.v Line: 18
    Warning (13410): Pin "HEX4[3]" is stuck at VCC File: Z:/Documents/CUBoulder/2019_Spring/ECEN2350-DigitalLogic/Project2/de10_lite_reaction_timer.v Line: 18
    Warning (13410): Pin "HEX4[4]" is stuck at VCC File: Z:/Documents/CUBoulder/2019_Spring/ECEN2350-DigitalLogic/Project2/de10_lite_reaction_timer.v Line: 18
    Warning (13410): Pin "HEX4[5]" is stuck at VCC File: Z:/Documents/CUBoulder/2019_Spring/ECEN2350-DigitalLogic/Project2/de10_lite_reaction_timer.v Line: 18
    Warning (13410): Pin "HEX4[6]" is stuck at VCC File: Z:/Documents/CUBoulder/2019_Spring/ECEN2350-DigitalLogic/Project2/de10_lite_reaction_timer.v Line: 18
    Warning (13410): Pin "HEX4[7]" is stuck at VCC File: Z:/Documents/CUBoulder/2019_Spring/ECEN2350-DigitalLogic/Project2/de10_lite_reaction_timer.v Line: 18
    Warning (13410): Pin "HEX5[7]" is stuck at GND File: Z:/Documents/CUBoulder/2019_Spring/ECEN2350-DigitalLogic/Project2/de10_lite_reaction_timer.v Line: 19
Info (286030): Timing-Driven Synthesis is running
Info (144001): Generated suppressed messages file Z:/Documents/CUBoulder/2019_Spring/ECEN2350-DigitalLogic/Project2/DE10_LITE_Reaction_Timer.map.smsg
Info (16010): Generating hard_block partition "hard_block:auto_generated_inst"
    Info (16011): Adding 0 node(s), including 0 DDIO, 0 PLL, 0 transceiver and 0 LCELL
Warning (21074): Design contains 8 input pin(s) that do not drive logic
    Warning (15610): No output dependent on input pin "ADC_CLK_10" File: Z:/Documents/CUBoulder/2019_Spring/ECEN2350-DigitalLogic/Project2/de10_lite_reaction_timer.v Line: 9
    Warning (15610): No output dependent on input pin "MAX10_CLK1_50" File: Z:/Documents/CUBoulder/2019_Spring/ECEN2350-DigitalLogic/Project2/de10_lite_reaction_timer.v Line: 10
    Warning (15610): No output dependent on input pin "SW[4]" File: Z:/Documents/CUBoulder/2019_Spring/ECEN2350-DigitalLogic/Project2/de10_lite_reaction_timer.v Line: 29
    Warning (15610): No output dependent on input pin "SW[5]" File: Z:/Documents/CUBoulder/2019_Spring/ECEN2350-DigitalLogic/Project2/de10_lite_reaction_timer.v Line: 29
    Warning (15610): No output dependent on input pin "SW[6]" File: Z:/Documents/CUBoulder/2019_Spring/ECEN2350-DigitalLogic/Project2/de10_lite_reaction_timer.v Line: 29
    Warning (15610): No output dependent on input pin "SW[7]" File: Z:/Documents/CUBoulder/2019_Spring/ECEN2350-DigitalLogic/Project2/de10_lite_reaction_timer.v Line: 29
    Warning (15610): No output dependent on input pin "SW[8]" File: Z:/Documents/CUBoulder/2019_Spring/ECEN2350-DigitalLogic/Project2/de10_lite_reaction_timer.v Line: 29
    Warning (15610): No output dependent on input pin "SW[9]" File: Z:/Documents/CUBoulder/2019_Spring/ECEN2350-DigitalLogic/Project2/de10_lite_reaction_timer.v Line: 29
Info (21057): Implemented 466 device resources after synthesis - the final resource count might be different
    Info (21058): Implemented 15 input pins
    Info (21059): Implemented 58 output pins
    Info (21061): Implemented 393 logic cells
Info: Quartus Prime Analysis & Synthesis was successful. 0 errors, 53 warnings
    Info: Peak virtual memory: 4759 megabytes
    Info: Processing ended: Thu May 02 14:18:25 2019
    Info: Elapsed time: 00:00:15
    Info: Total CPU time (on all processors): 00:00:21


+------------------------------------------+
; Analysis & Synthesis Suppressed Messages ;
+------------------------------------------+
The suppressed messages can be found in Z:/Documents/CUBoulder/2019_Spring/ECEN2350-DigitalLogic/Project2/DE10_LITE_Reaction_Timer.map.smsg.


